<html>
<body>
<pre>
<h1>µVision Build Log</h1>
<h2>Project:</h2>
D:\CubeMXProj\Nucleo_L073RZ_ButtonIMU\MDK-ARM\Nucleo_L073RZ_ButtonIMU.uvprojx
Project File Date:  11/14/2021

<h2>Output:</h2>
Build target 'Nucleo_L073RZ_ButtonIMU'
assembling startup_stm32l073xx.s...
compiling main.c...
compiling gpio.c...
compiling spi.c...
compiling tim.c...
compiling usart.c...
compiling stm32l0xx_it.c...
compiling stm32l0xx_hal_msp.c...
compiling lsm6dsm.c...
compiling system_stm32l0xx.c...
compiling stm32l0xx_hal_spi.c...
compiling stm32l0xx_hal_tim.c...
compiling stm32l0xx_hal_tim_ex.c...
compiling stm32l0xx_hal_uart.c...
compiling stm32l0xx_hal_uart_ex.c...
compiling stm32l0xx_hal.c...
compiling stm32l0xx_hal_i2c.c...
compiling stm32l0xx_hal_i2c_ex.c...
compiling stm32l0xx_hal_rcc.c...
compiling stm32l0xx_hal_rcc_ex.c...
compiling stm32l0xx_hal_flash_ramfunc.c...
compiling stm32l0xx_hal_flash.c...
compiling stm32l0xx_hal_flash_ex.c...
compiling stm32l0xx_hal_gpio.c...
compiling stm32l0xx_hal_dma.c...
compiling stm32l0xx_hal_pwr.c...
compiling stm32l0xx_hal_pwr_ex.c...
compiling stm32l0xx_hal_cortex.c...
compiling system_stm32l0xx.c...
linking...
Nucleo_L073RZ_ButtonIMU\Nucleo_L073RZ_ButtonIMU.axf: Warning: L6304W: Duplicate input file nucleo_l073rz_buttonimu\system_stm32l0xx.o ignored.
Program Size: Code=8744 RO-data=260 RW-data=48 ZI-data=1352  
Finished: 0 information, 1 warning and 0 error messages.
FromELF: creating hex file...
"Nucleo_L073RZ_ButtonIMU\Nucleo_L073RZ_ButtonIMU.axf" - 0 Error(s), 1 Warning(s).

<h2>Software Packages used:</h2>

Package Vendor: ARM
                http://www.keil.com/pack/ARM.CMSIS.4.1.0.pack
                ARM::CMSIS:CORE:3.30.0
                CMSIS (Cortex Microcontroller Software Interface Standard)
   * Component: CORE Version: 3.30.0

<h2>Collection of Component include folders:</h2>
  D:\CubeMXProj\Nucleo_L073RZ_ButtonIMU\MDK-ARM\RTE
  D:\Keil_v5\ARM\PACK\ARM\CMSIS\4.1.0\CMSIS\Include
  D:\Keil_v5\ARM\PACK\Keil\STM32L0xx_DFP\1.6.1

<h2>Collection of Component Files used:</h2>

   * Component: ARM::CMSIS:CORE:3.30.0
      Source file:   CMSIS\UserCodeTemplates\ARM\ITM_Retarget.c
